// Jest Snapshot v1, https://goo.gl/fbAQLP

exports[`renders correctly with the required props 1`] = `
<div
  aria-describedby=""
  aria-roledescription="sortable"
  className="sc-bdfBwQ gWmvCG"
  role="button"
  style={
    Object {
      "transform": undefined,
      "transition": undefined,
    }
  }
  tabIndex={0}
>
  test
</div>
`;
