// Jest Snapshot v1, https://goo.gl/fbAQLP

exports[`renders correctly with the default props 1`] = `
<tr
  data-testid="sources-table-row"
>
  <td>
    World Bank Indicators
    <span
      className="text-uppercase"
    >
       (wbi)
    </span>
  </td>
  <td>
    Sun Aug 19 2018
  </td>
  <td>
    <div
      className="btn-group"
      role="group"
    >
      <button
        className="btn btn-dark btn-sm"
        data-testid="sources-table-metadata-button"
        disabled={false}
        onClick={[Function]}
        type="button"
      >
        Metadata
      </button>
      <button
        className="btn btn-dark btn-sm"
        data-testid="sources-table-dataset-button"
        disabled={false}
        onClick={[Function]}
        type="button"
      >
        Datasets
      </button>
    </div>
  </td>
</tr>
`;
