// Jest Snapshot v1, https://goo.gl/fbAQLP

exports[`OperationsTable only renders OperationsTableRow children 1`] = `
<div
  className="card dataset-list"
>
  <div
    className="card-body p-0"
  >
    <div
      className="dataset-row p-3 border-bottom"
    >
      <div
        className="col-md-12"
      >
        <div
          className="dataset-row-title h4"
        >
          My Test Dataset
           
        </div>
        <div
          className="mb-2"
        >
           
        </div>
        <div
          className="dataset-row-actions mb-1"
        >
           
        </div>
        <div
          className="h6 dataset-row-footer"
        >
          Updated
           
           by 
          <span>
             
             
          </span>
          from 
          <span
            className="text-uppercase text-danger"
          >
            
          </span>
        </div>
      </div>
    </div>
  </div>
</div>
`;

exports[`OperationsTable renders correctly with the default props 1`] = `
<div
  className="card dataset-list"
>
  <div
    className="card-body p-0"
  />
</div>
`;
