// Jest Snapshot v1, https://goo.gl/fbAQLP

exports[`<ScheduledEventsRunHistoryTable should match snapshot 1`] = `
<div>
  <div
    class="table-responsive"
  >
    <table
      class="table table-striped"
    >
      <thead>
        <tr>
          <th>
            Status
          </th>
          <th>
            Started
          </th>
          <th>
            Ended
          </th>
          <th>
            Actions
          </th>
        </tr>
      </thead>
      <tbody>
        <tr>
          <td>
            <span
              class="badge"
            />
          </td>
          <td>
            Invalid date
          </td>
          <td />
          <td />
        </tr>
      </tbody>
    </table>
  </div>
</div>
`;
