// Jest Snapshot v1, https://goo.gl/fbAQLP

exports[`should take a snapshot 1`] = `
<div
  className="table-responsive"
>
  <table
    className="table table-striped"
  >
    <thead>
      <tr>
        <th
          className="text-center"
        >
          #
        </th>
        <th>
          Name
        </th>
        <th>
          Description
        </th>
        <th>
          Enabled
        </th>
        <th>
          Start Date
        </th>
        <th>
          Interval
        </th>
        <th>
          Actions
        </th>
      </tr>
    </thead>
    <tbody>
      <tr
        className=""
        onClick={[Function]}
      >
        <td
          className="text-center"
        >
          1
        </td>
        <td>
          event1
        </td>
        <td />
        <td>
          <div
            className="togglebutton"
          >
            <label
              className="enabled"
            >
              <input
                defaultChecked={true}
                disabled={true}
                type="checkbox"
              />
              <span
                className="toggle"
              />
            </label>
          </div>
        </td>
        <td>
          Invalid date
           at
           
          Invalid date
        </td>
        <td>
          Every 5 undefined
        </td>
        <td>
          <button
            className="btn btn-outline-danger btn-sm"
            disabled={false}
            onClick={[Function]}
            type="button"
          >
            Run Now
          </button>
        </td>
      </tr>
    </tbody>
  </table>
</div>
`;
