// Jest Snapshot v1, https://goo.gl/fbAQLP

exports[`renders the component correctly 1`] = `
<div
  className="row"
>
  <div
    className="col-md-8"
  >
    <div
      className="bmd-form-group form-group"
      data-testid="material-form-group"
    >
      <label
        className="bmd-label-floating form-label"
        htmlFor="title"
      />
      <input
        className="form-control"
        id="title"
        name="title"
        onBlur={[MockFunction]}
        onChange={[MockFunction]}
        onFocus={[MockFunction]}
        required={true}
      />
      <div
        className="invalid-feedback"
        data-testid="material-form-control-feedback"
      />
    </div>
  </div>
</div>
`;
